../Core/Src/main.c:439:6:uartTaskFunc	24	static
../Core/Src/main.c:485:6:spiTaskFunc	8	static
../Core/Src/main.c:210:6:SystemClock_Config	96	static,ignoring_inline_asm
../Core/Src/main.c:114:5:main	88	static,ignoring_inline_asm
../Core/Src/main.c:350:6:USART1_IRQHandler	24	static
../Core/Src/main.c:391:6:HAL_UART_ErrorCallback	0	static,ignoring_inline_asm
../Core/Src/main.c:401:6:HAL_GPIO_EXTI_Callback	0	static
../Core/Src/main.c:565:6:HAL_TIM_PeriodElapsedCallback	0	static
../Core/Src/main.c:582:6:Error_Handler	0	static,ignoring_inline_asm
