../Core/Src/main.c:117:7:GpsToDecimalDegrees	40	static
../Core/Src/main.c:139:5:main	88	static
../Core/Src/main.c:235:6:SystemClock_Config	96	static
../Core/Src/main.c:280:13:MX_SPI3_Init	8	static
../Core/Src/main.c:320:13:MX_USART1_UART_Init	8	static
../Core/Src/main.c:355:13:MX_GPIO_Init	40	static
../Core/Src/main.c:376:6:USART1_IRQHandler	16	static
../Core/Src/main.c:417:6:HAL_UART_ErrorCallback	16	static
../Core/Src/main.c:427:6:HAL_GPIO_EXTI_Callback	16	static
../Core/Src/main.c:442:17:Buffercmp	24	static
../Core/Src/main.c:465:6:uartTaskFunc	56	static
../Core/Src/main.c:525:6:spiTaskFunc	24	static
../Core/Src/main.c:612:6:HAL_TIM_PeriodElapsedCallback	16	static
../Core/Src/main.c:629:6:Error_Handler	4	static,ignoring_inline_asm
