../Drivers/CMSIS/Include/core_cm4.h:2059:26:ITM_SendChar	16	static,ignoring_inline_asm
../Core/Src/main.c:83:5:_write	32	static
../Core/Src/main.c:105:5:main	24	static
../Core/Src/main.c:218:6:SystemClock_Config	96	static
../Core/Src/main.c:263:13:MX_USART1_UART_Init	8	static
../Core/Src/main.c:298:13:MX_GPIO_Init	16	static
../Core/Src/main.c:315:6:HAL_UART_ErrorCallback	16	static
../Core/Src/main.c:325:6:HAL_GPIO_EXTI_Callback	16	static
../Core/Src/main.c:340:17:Buffercmp	24	static
../Core/Src/main.c:360:6:Error_Handler	4	static,ignoring_inline_asm
