../Drivers/NMEA-master/NMEA-master/nmea.c:26:9:nmea_checksum	24	static
../Drivers/NMEA-master/NMEA-master/nmea.c:40:14:nmea_convert	24	static
../Drivers/NMEA-master/NMEA-master/nmea.c:47:13:nmea_callback	24	static
../Drivers/NMEA-master/NMEA-master/nmea.c:64:6:nmea_init	24	static
../Drivers/NMEA-master/NMEA-master/nmea.c:82:6:nmea_loop	280	static
../Drivers/NMEA-master/NMEA-master/nmea.c:551:6:nmea_available	16	static
../Drivers/NMEA-master/NMEA-master/nmea.c:556:6:nmea_available_reset	16	static
../Drivers/NMEA-master/NMEA-master/nmea.c:570:6:nmea_gnss_time_h	16	static
../Drivers/NMEA-master/NMEA-master/nmea.c:583:6:nmea_gnss_time_m	16	static
../Drivers/NMEA-master/NMEA-master/nmea.c:596:6:nmea_gnss_time_s	16	static
../Drivers/NMEA-master/NMEA-master/nmea.c:609:6:nmea_gnss_date_y	16	static
../Drivers/NMEA-master/NMEA-master/nmea.c:622:6:nmea_gnss_date_m	16	static
../Drivers/NMEA-master/NMEA-master/nmea.c:635:6:nmea_gnss_date_d	16	static
../Drivers/NMEA-master/NMEA-master/nmea.c:648:6:nmea_gnss_satellite	16	static
../Drivers/NMEA-master/NMEA-master/nmea.c:661:6:nmea_gnss_speed_kph	16	static
../Drivers/NMEA-master/NMEA-master/nmea.c:674:6:nmea_gnss_speed_knots	16	static
../Drivers/NMEA-master/NMEA-master/nmea.c:687:6:nmea_gnss_precision_m	16	static
../Drivers/NMEA-master/NMEA-master/nmea.c:700:6:nmea_gnss_course_deg	16	static
../Drivers/NMEA-master/NMEA-master/nmea.c:713:6:nmea_gnss_latitude_deg	16	static
../Drivers/NMEA-master/NMEA-master/nmea.c:726:6:nmea_gnss_longitude_deg	16	static
../Drivers/NMEA-master/NMEA-master/nmea.c:739:6:nmea_gnss_altitude_m	16	static
../Drivers/NMEA-master/NMEA-master/nmea.c:752:6:nmea_compass_true_course_deg	16	static
../Drivers/NMEA-master/NMEA-master/nmea.c:765:6:nmea_compass_mag_course_deg	16	static
../Drivers/NMEA-master/NMEA-master/nmea.c:778:6:nmea_sounder_depth_m	16	static
../Drivers/NMEA-master/NMEA-master/nmea.c:791:6:nmea_sounder_depth_offset_m	16	static
../Drivers/NMEA-master/NMEA-master/nmea.c:804:6:nmea_sounder_temp_c	16	static
